[2026-04-28 01:19:59] ================================================================
[2026-04-28 01:19:59] avideo 流水线守护进程启动 (PID 99906)
[2026-04-28 01:19:59] Python: /Users/mike/Workspace/avideo/.venv/bin/python
[2026-04-28 01:19:59] DB:     /Users/mike/Workspace/avideo/data/avideo.db
[2026-04-28 01:19:59] ================================================================
[2026-04-28 01:19:59] 
[2026-04-28 01:19:59] >>>>>> 开始新一轮流水线 <<<<<<
[2026-04-28 01:19:59] [1/4] 扫描本地文件...
[2026-04-28 01:20:18] [1/4] 扫描完成。
[2026-04-28 01:20:18]       当前 PENDING 视频数: 14
[2026-04-28 01:20:18] [2/4] 运行 auto_scraper（最多 50 分钟）...
[2026-04-28 02:10:18] [2/4] auto_scraper 结束。
[2026-04-28 02:10:18] [3/4] 运行 auto_actor_scraper（最多 10 分钟）...
[2026-04-28 02:20:18] [3/4] auto_actor_scraper 结束。
[2026-04-28 02:20:18] [4/4] 运行 translate_titles...
[2026-04-28 02:20:54] [4/4] 翻译完成。
[2026-04-28 02:20:54] >>>>>> 本轮流水线耗时 3655s，距下次运行还有 0s <<<<<<
[2026-04-28 02:20:54] 
[2026-04-28 02:20:54] >>>>>> 开始新一轮流水线 <<<<<<
[2026-04-28 02:20:54] [1/4] 扫描本地文件...
[2026-04-28 02:21:15] [1/4] 扫描完成。
[2026-04-28 02:21:15]       当前 PENDING 视频数: 2
[2026-04-28 02:21:15] [2/4] 运行 auto_scraper（最多 50 分钟）...
